
> between-us@0.1.0 build
> next build

▲ Next.js 16.3.4 (Turbopack)
- Environments: .env.local
✓ Running next.config.ts took 48ms

⚠ The "middleware" file convention is deprecated. Please use "proxy" instead.

  To migrate automatically, run:
  npx @next/codemod@canary middleware-to-proxy .

  Learn more: https://nextjs.org/docs/messages/middleware-to-proxy
  Creating an optimized production build ...
✓ Compiled successfully in 1400ms
  Skipping validation of types
  Finished TypeScript config validation in 14ms ...
  Collecting page data using 5 workers ...
  Generating static pages using 5 workers (0/32) ...
  Generating static pages using 5 workers (8/32) 
  Generating static pages using 5 workers (16/32) 
  Generating static pages using 5 workers (24/32) 
✓ Generating static pages using 5 workers (32/32) in 721ms
  Finalizing page optimization ...

Route (app)
┌ ○ /
├ ○ /_not-found
├ ƒ /api/auth/confirm
├ ƒ /api/check-nickname
├ ƒ /api/cron/mid-week
├ ƒ /api/cron/trigger-ai
├ ƒ /api/cron/weekend
├ ƒ /api/generate/content
├ ƒ /api/invite
├ ƒ /api/invite/revoke
├ ƒ /api/invite/send
├ ƒ /api/stripe/portal
├ ƒ /api/webhooks/resend
├ ƒ /api/webhooks/stripe
├ ƒ /auth/callback
├ ○ /dashboard
├ ƒ /dashboard/experience/[id]
├ ƒ /dashboard/games
├ ƒ /dashboard/games/[id]
├ ○ /dashboard/kinks
├ ƒ /dashboard/literature
├ ○ /dashboard/partnerinvite
├ ○ /dashboard/pass
├ ƒ /dashboard/roleplay
├ ○ /dashboard/settings
├ ○ /dashboard/suggest
├ ○ /error
├ ○ /games
├ ○ /icon.png
├ ○ /join
├ ○ /login
├ ○ /onboarding
├ ○ /privacy
├ ○ /role-play
├ ƒ /role-play/[id]
├ ○ /signup
└ ○ /terms


ƒ Proxy (Middleware)

○  (Static)   prerendered as static content
ƒ  (Dynamic)  server-rendered on demand

